   Compiling unicode-ident v1.0.24
   Compiling cfg-if v1.0.4
   Compiling memchr v2.8.3
   Compiling libc v0.2.189
   Compiling bytes v1.12.1
   Compiling proc-macro2 v1.0.107
   Compiling quote v1.0.47
   Compiling syn v2.0.119
   Compiling syn v3.0.3
   Compiling equivalent v1.0.2
   Compiling serde_core v1.0.229
   Compiling regex-syntax v0.8.11
   Compiling libm v0.2.16
   Compiling num-traits v0.2.19
   Compiling serde v1.0.229
   Compiling aho-corasick v1.1.4
   Compiling serde_derive v1.0.229
   Compiling once_cell v1.21.4
   Compiling itoa v1.0.18
   Compiling allocator-api2 v0.2.21
   Compiling foldhash v0.2.0
   Compiling hashbrown v0.17.1
   Compiling pin-project-lite v0.2.17
   Compiling either v1.17.0
   Compiling bitflags v2.13.1
   Compiling futures-core v0.3.33
   Compiling thiserror-impl v2.0.19
   Compiling zmij v1.0.23
   Compiling futures-sink v0.3.33
   Compiling indexmap v2.14.0
   Compiling serde_json v1.0.151
   Compiling errno v0.3.14
   Compiling log v0.4.33
   Compiling smallvec v1.15.2
   Compiling signal-hook-registry v1.4.8
   Compiling thiserror v2.0.19
   Compiling itertools v0.14.0
   Compiling zerocopy-derive v0.8.55
   Compiling tokio-macros v2.7.1
   Compiling mio v1.2.2
   Compiling socket2 v0.6.5
   Compiling synstructure v0.13.2
   Compiling tokio v1.53.1
   Compiling slab v0.4.12
   Compiling futures-channel v0.3.33
   Compiling zerocopy v0.8.55
   Compiling tracing-core v0.1.36
   Compiling zerofrom-derive v0.1.7
   Compiling tracing-attributes v0.1.31
   Compiling futures-macro v0.3.33
   Compiling futures-io v0.3.33
   Compiling futures-task v0.3.33
   Compiling tracing v0.1.44
   Compiling futures-util v0.3.33
   Compiling zerofrom v0.1.8
   Compiling yoke-derive v0.8.2
   Compiling http v1.4.2
   Compiling stable_deref_trait v1.2.1
   Compiling fnv v1.0.7
   Compiling yoke v0.8.3
   Compiling percent-encoding v2.3.2
   Compiling iana-time-zone v0.1.65
   Compiling base64 v0.22.1
   Compiling chrono v0.4.45
   Compiling getrandom v0.3.4
   Compiling zerovec-derive v0.11.3
   Compiling displaydoc v0.2.6
   Compiling rand_core v0.10.1
   Compiling getrandom v0.4.3
   Compiling ryu v1.0.23
   Compiling zerovec v0.11.6
   Compiling form_urlencoded v1.2.2
   Compiling num-integer v0.1.46
   Compiling litemap v0.8.2
   Compiling writeable v0.6.3
   Compiling num-bigint v0.4.8
   Compiling zerotrie v0.2.4
   Compiling utf8_iter v1.0.4
   Compiling tinystr v0.8.3
   Compiling potential_utf v0.1.5
   Compiling icu_locale_core v2.2.0
   Compiling icu_collections v2.2.0
   Compiling icu_normalizer_data v2.2.0
   Compiling icu_properties_data v2.2.0
   Compiling half v2.7.1
   Compiling linux-raw-sys v0.12.1
   Compiling fastrand v2.5.0
   Compiling foldhash v0.1.5
   Compiling rustix v1.1.4
   Compiling hashbrown v0.15.5
   Compiling icu_provider v2.2.0
   Compiling regex-automata v0.4.16
   Compiling siphasher v1.0.3
   Compiling icu_properties v2.2.0
   Compiling icu_normalizer v2.2.0
   Compiling fixedbitset v0.5.7
   Compiling phf_shared v0.12.1
   Compiling zstd-sys v2.0.16+zstd.1.5.7
   Compiling uuid v1.24.0
   Compiling idna_adapter v1.2.2
   Compiling async-trait v0.1.91
   Compiling scopeguard v1.2.0
   Compiling idna v1.1.0
   Compiling unicode-width v0.2.2
   Compiling lock_api v0.4.14
   Compiling url v2.5.8
   Compiling zstd-safe v7.2.4
   Compiling parking_lot_core v0.9.12
   Compiling phf v0.12.1
   Compiling arrow-buffer v58.4.0
   Compiling arrow-schema v58.4.0
   Compiling chrono-tz v0.10.4
   Compiling arrow-data v58.4.0
   Compiling regex v1.13.1
   Compiling zstd v0.13.3
   Compiling ahash v0.8.12
   Compiling num-complex v0.4.6
   Compiling same-file v1.0.6
   Compiling walkdir v2.5.0
   Compiling parking_lot v0.12.5
   Compiling twox-hash v2.1.3
   Compiling lazy_static v1.5.0
   Compiling lexical-util v1.0.7
   Compiling humantime v2.4.0
   Compiling pin-project-internal v1.1.13
   Compiling lexical-write-integer v1.0.6
   Compiling lexical-parse-integer v1.0.6
   Compiling lexical-parse-float v1.0.6
   Compiling lexical-write-float v1.0.6
   Compiling unicode-segmentation v1.13.3
   Compiling arrow-array v58.4.0
   Compiling pin-project v1.1.13
   Compiling comfy-table v7.2.2
   Compiling lexical-core v1.0.6
   Compiling atoi v2.0.0
   Compiling futures-executor v0.3.33
   Compiling csv-core v0.1.13
   Compiling csv v1.4.0
   Compiling flatbuffers v25.12.19
   Compiling lz4_flex v0.13.1
   Compiling hex v0.4.3
   Compiling simdutf8 v0.1.5
   Compiling rand_core v0.9.5
   Compiling sqlparser_derive v0.5.0
   Compiling object_store v0.13.2
   Compiling arrow-select v58.4.0
   Compiling arrow-arith v58.4.0
   Compiling arrow-ord v58.4.0
   Compiling arrow-string v58.4.0
   Compiling arrow-cast v58.4.0
   Compiling arrow-ipc v58.4.0
   Compiling arrow-row v58.4.0
   Compiling arrow-json v58.4.0
   Compiling arrow-csv v58.4.0
   Compiling arrow v58.4.0
   Compiling sqlparser v0.62.0
   Compiling prost-derive v0.14.4
   Compiling ppv-lite86 v0.2.21
   Compiling prost v0.14.4
   Compiling rand_chacha v0.9.0
   Compiling futures v0.3.33
   Compiling rand v0.9.5
   Compiling tokio-util v0.7.19
   Compiling crossbeam-utils v0.8.22
   Compiling prost-types v0.14.4
   Compiling datafusion-doc v54.1.0
   Compiling logos-codegen v0.15.1
   Compiling logos-codegen v0.16.1
   Compiling http-body v1.1.0
   Compiling miette-derive v7.6.0
   Compiling pulldown-cmark v0.13.4
   Compiling logos-derive v0.16.1
   Compiling miette v7.6.0
   Compiling logos-derive v0.15.1
   Compiling prettyplease v0.2.37
   Compiling tower-service v0.3.3
   Compiling tempfile v3.27.0
   Compiling logos v0.15.1
   Compiling pulldown-cmark-to-cmark v22.0.0
   Compiling logos v0.16.1
   Compiling petgraph v0.8.3
   Compiling zeroize_derive v1.5.0
   Compiling try-lock v0.2.5
   Compiling num-conv v0.2.2
   Compiling atomic-waker v1.1.2
   Compiling time-core v0.1.9
   Compiling h2 v0.4.16
   Compiling zeroize v1.9.0
   Compiling want v0.3.1
   Compiling prost-reflect v0.16.5
   Compiling prost-build v0.14.4
   Compiling protox-parse v0.9.0
   Compiling httparse v1.10.1
   Compiling datafusion-common v54.1.0
   Compiling httpdate v1.0.3
   Compiling hashbrown v0.14.5
   Compiling deranged v0.5.8
   Compiling powerfmt v0.2.0
   Compiling dashmap v6.2.1
   Compiling hyper v1.11.0
   Compiling protox v0.9.1
   Compiling datafusion-macros v54.1.0
   Compiling sync_wrapper v1.0.2
   Compiling ipnet v2.12.0
   Compiling tower-layer v0.3.3
   Compiling hyper-util v0.1.20
   Compiling aws-lc-sys v0.43.0
   Compiling typenum v1.20.1
   Compiling datafusion-expr-common v54.1.0
   Compiling untrusted v0.7.1
   Compiling aws-lc-rs v1.17.3
   Compiling datafusion-physical-expr-common v54.1.0
   Compiling tower v0.5.3
   Compiling rustls-pki-types v1.15.1
   Compiling http-body-util v0.1.4
   Compiling datafusion-functions-window-common v54.1.0
   Compiling datafusion-functions-aggregate-common v54.1.0
   Compiling mime v0.3.17
   Compiling arrayref v0.3.9
   Compiling constant_time_eq v0.4.2
   Compiling arrayvec v0.7.8
   Compiling blake3 v1.8.5
   Compiling untrusted v0.9.0
   Compiling time v0.3.54
   Compiling rustls-webpki v0.103.13
   Compiling datafusion-expr v54.1.0
   Compiling crc32c v0.6.8
   Compiling serde_urlencoded v0.7.1
   Compiling subtle v2.6.1
   Compiling rustls v0.23.42
   Compiling vergen v8.3.2
   Compiling base64 v0.23.0
   Compiling ravel-types v0.10.0 (/var/lib/fleet/work/1ac118e3-6636-4abb-a42b-eff82b477175/crates/ravel-types)
   Compiling hybrid-array v0.4.13
   Compiling ravel-proto v0.10.0 (/var/lib/fleet/work/1ac118e3-6636-4abb-a42b-eff82b477175/crates/ravel-proto)
   Compiling datafusion-common-runtime v54.1.0
   Compiling openssl-probe v0.2.1
   Compiling rustls-native-certs v0.8.4
   Compiling generic-array v0.14.7
   Compiling crypto-common v0.1.7
   Compiling crypto-common v0.2.2
   Compiling datafusion-physical-expr v54.1.0
   Compiling datafusion-execution v54.1.0
   Compiling datafusion-functions v54.1.0
   Compiling tokio-rustls v0.26.4
   Compiling hyper-rustls v0.27.9
   Compiling rustls-platform-verifier v0.7.0
   Compiling block-buffer v0.12.1
   Compiling lrpar v0.13.10
   Compiling tower-http v0.6.11
   Compiling encoding_rs v0.8.35
   Compiling glob v0.3.4
   Compiling reqwest v0.13.4
   Compiling datafusion-physical-plan v54.1.0
   Compiling datafusion-physical-expr-adapter v54.1.0
   Compiling digest v0.11.3
   Compiling digest v0.10.7
   Compiling vob v4.0.0
   Compiling packedvec v1.2.5
   Compiling vob v3.0.6
   Compiling ravel-codec v0.10.0 (/var/lib/fleet/work/1ac118e3-6636-4abb-a42b-eff82b477175/crates/ravel-codec)
   Compiling axum-core v0.5.6
   Compiling tokio-stream v0.1.19
   Compiling chacha20 v0.10.1
   Compiling serde_path_to_error v0.1.20
   Compiling static_assertions v1.1.0
   Compiling cactus v1.0.7
   Compiling matchit v0.8.4
   Compiling spin v0.10.1
   Compiling axum v0.8.9
   Compiling crc-fast v1.10.0
   Compiling rand v0.10.2
   Compiling sparsevec v0.2.2
   Compiling cfgrammar v0.13.10
   Compiling nix v0.31.3
   Compiling md-5 v0.11.0
   Compiling lrlex v0.13.10
   Compiling quick-xml v0.41.0
   Compiling itertools v0.15.0
   Compiling datafusion-session v54.1.0
   Compiling datafusion-datasource v54.1.0
   Compiling object_store v0.14.1
   Compiling lrtable v0.13.10
   Compiling bincode v1.3.3
   Compiling hyper-timeout v0.5.2
   Compiling getopts v0.2.24
   Compiling filetime v0.2.29
   Compiling tonic v0.14.6
   Compiling ravel-rspan v0.10.0 (/var/lib/fleet/work/1ac118e3-6636-4abb-a42b-eff82b477175/crates/ravel-rspan)
   Compiling lz4_flex v0.14.0
   Compiling ravel-object-store v0.10.0 (/var/lib/fleet/work/1ac118e3-6636-4abb-a42b-eff82b477175/crates/ravel-object-store)
   Compiling opentelemetry v0.32.0
   Compiling opentelemetry_sdk v0.32.1
   Compiling tonic-prost v0.14.6
   Compiling ravel-segment v0.10.0 (/var/lib/fleet/work/1ac118e3-6636-4abb-a42b-eff82b477175/crates/ravel-segment)
   Compiling ravel-logseg v0.10.0 (/var/lib/fleet/work/1ac118e3-6636-4abb-a42b-eff82b477175/crates/ravel-logseg)
   Compiling time-macros v0.2.32
   Compiling crossbeam-epoch v0.9.20
   Compiling promql-parser v0.10.0
   Compiling opentelemetry-proto v0.32.0
   Compiling ravel-commit v0.10.0 (/var/lib/fleet/work/1ac118e3-6636-4abb-a42b-eff82b477175/crates/ravel-commit)
   Compiling ravel-cache v0.10.0 (/var/lib/fleet/work/1ac118e3-6636-4abb-a42b-eff82b477175/crates/ravel-cache)
   Compiling tonic-build v0.14.6
   Compiling crossbeam-deque v0.8.7
   Compiling tonic-prost-build v0.14.6
   Compiling ravel-catalog v0.10.0 (/var/lib/fleet/work/1ac118e3-6636-4abb-a42b-eff82b477175/crates/ravel-catalog)
   Compiling simple_asn1 v0.6.4
   Compiling ravel-otlp v0.10.0 (/var/lib/fleet/work/1ac118e3-6636-4abb-a42b-eff82b477175/crates/ravel-otlp)
   Compiling datafusion-catalog v54.1.0
   Compiling datafusion-functions-aggregate v54.1.0
   Compiling pem v3.0.6
   Compiling signature v2.2.0
   Compiling rayon-core v1.13.0
   Compiling jsonwebtoken v10.4.0
   Compiling ravel-ingest v0.10.0 (/var/lib/fleet/work/1ac118e3-6636-4abb-a42b-eff82b477175/crates/ravel-ingest)
   Compiling datafusion-functions-nested v54.1.0
   Compiling ravel-query v0.10.0 (/var/lib/fleet/work/1ac118e3-6636-4abb-a42b-eff82b477175/crates/ravel-query)
   Compiling bigdecimal v0.4.10
   Compiling ravel-fleet v0.10.0 (/var/lib/fleet/work/1ac118e3-6636-4abb-a42b-eff82b477175/crates/ravel-fleet)
   Compiling datafusion-pruning v54.1.0
   Compiling alloca v0.4.0
   Compiling clap_lex v1.1.0
   Compiling anstyle v1.0.14
   Compiling plotters-backend v0.3.7
   Compiling ciborium-io v0.2.2
   Compiling ciborium-ll v0.2.2
   Compiling plotters-svg v0.3.7
   Compiling clap_builder v4.6.2
   Compiling datafusion-physical-optimizer v54.1.0
   Compiling ravel-maintain v0.10.0 (/var/lib/fleet/work/1ac118e3-6636-4abb-a42b-eff82b477175/crates/ravel-maintain)
   Compiling datafusion-sql v54.1.0
   Compiling ravel-promql v0.10.0 (/var/lib/fleet/work/1ac118e3-6636-4abb-a42b-eff82b477175/crates/ravel-promql)
   Compiling ravel-tenant-resolve v0.10.0 (/var/lib/fleet/work/1ac118e3-6636-4abb-a42b-eff82b477175/crates/ravel-tenant-resolve)
   Compiling datafusion-datasource-json v54.1.0
   Compiling datafusion-datasource-csv v54.1.0
   Compiling datafusion-datasource-arrow v54.1.0
   Compiling datafusion-optimizer v54.1.0
   Compiling datafusion-functions-window v54.1.0
   Compiling itertools v0.13.0
   Compiling wait-timeout v0.2.1
   Compiling quick-error v1.2.3
   Compiling cast v0.3.0
   Compiling bit-vec v0.8.0
   Compiling bit-set v0.8.0
   Compiling rusty-fork v0.3.1
   Compiling criterion-plot v0.8.2
   Compiling rayon v1.12.0
   Compiling clap v4.6.4
   Compiling plotters v0.3.7
   Compiling ciborium v0.2.2
   Compiling rand_xorshift v0.4.0
   Compiling sharded-slab v0.1.7
   Compiling matchers v0.2.0
   Compiling tracing-log v0.2.0
   Compiling tinytemplate v1.2.1
   Compiling page_size v0.6.0
   Compiling thread_local v1.1.10
   Compiling unarray v0.1.4
   Compiling nu-ansi-term v0.50.3
   Compiling oorandom v11.1.5
   Compiling anes v0.1.6
   Compiling criterion v0.8.2
   Compiling tracing-subscriber v0.3.23
   Compiling proptest v1.11.0
   Compiling ravel-alerting v0.10.0 (/var/lib/fleet/work/1ac118e3-6636-4abb-a42b-eff82b477175/crates/ravel-alerting)
   Compiling stats_alloc v0.1.10
   Compiling datafusion-catalog-listing v54.1.0
   Compiling datafusion-functions-table v54.1.0
   Compiling datafusion v54.1.0
