   Compiling quote v1.0.47
   Compiling proc-macro2 v1.0.107
   Compiling unicode-ident v1.0.24
   Compiling libc v0.2.189
   Compiling syn v2.0.119
   Compiling syn v3.0.3
   Compiling serde v1.0.229
   Compiling serde_derive v1.0.229
   Compiling anyhow v1.0.104
   Compiling jobserver v0.1.35
   Compiling shlex v2.0.1
   Compiling autocfg v1.5.1
   Compiling find-msvc-tools v0.1.9
   Compiling cc v1.4.0
   Compiling regex-syntax v0.8.11
    Checking cfg-if v1.0.4
   Compiling memchr v2.8.3
    Checking bytes v1.12.1
    Checking pin-project-lite v0.2.17
   Compiling serde_core v1.0.229
   Compiling aho-corasick v1.1.4
   Compiling regex-automata v0.4.16
    Checking futures-core v0.3.33
   Compiling thiserror v2.0.19
   Compiling fnv v1.0.7
   Compiling thiserror-impl v2.0.19
   Compiling pkg-config v0.3.33
   Compiling semver v1.0.28
   Compiling rustc_version v0.4.1
   Compiling lazy_static v1.5.0
   Compiling either v1.17.0
    Checking equivalent v1.0.2
    Checking futures-sink v0.3.33
    Checking hashbrown v0.17.1
    Checking itoa v1.0.18
    Checking indexmap v2.14.0
   Compiling itertools v0.14.0
    Checking errno v0.3.14
    Checking once_cell v1.21.4
    Checking signal-hook-registry v1.4.8
   Compiling regex v1.13.1
    Checking mio v1.2.2
    Checking socket2 v0.6.5
   Compiling prost-derive v0.14.4
   Compiling tokio-macros v2.7.1
   Compiling synstructure v0.13.2
    Checking smallvec v1.15.2
    Checking tokio v1.53.1
   Compiling num-traits v0.2.19
    Checking slab v0.4.12
   Compiling zerofrom-derive v0.1.7
    Checking futures-channel v0.3.33
    Checking log v0.4.33
    Checking zerofrom v0.1.8
   Compiling yoke-derive v0.8.2
    Checking tracing-core v0.1.36
    Checking http v1.4.2
   Compiling futures-macro v0.3.33
   Compiling tracing-attributes v0.1.31
    Checking futures-task v0.3.33
    Checking stable_deref_trait v1.2.1
    Checking futures-io v0.3.33
    Checking futures-util v0.3.33
    Checking tracing v0.1.44
    Checking yoke v0.8.3
   Compiling prost v0.14.4
   Compiling logos-codegen v0.15.1
    Checking percent-encoding v2.3.2
   Compiling bitflags v2.13.1
   Compiling prost-types v0.14.4
    Checking http-body v1.1.0
    Checking tokio-util v0.7.19
   Compiling cmake v0.1.58
   Compiling zerovec-derive v0.11.3
   Compiling beef v0.5.2
   Compiling prettyplease v0.2.37
   Compiling getrandom v0.4.3
   Compiling fs_extra v1.3.0
   Compiling rustix v1.1.4
   Compiling dunce v1.0.5
   Compiling pulldown-cmark v0.13.4
   Compiling aws-lc-sys v0.43.0
    Checking zerovec v0.11.6
   Compiling logos-codegen v0.16.1
   Compiling displaydoc v0.2.6
   Compiling miette-derive v7.6.0
    Checking tower-service v0.3.3
   Compiling foldhash v0.1.5
   Compiling unicase v2.9.0
   Compiling httparse v1.10.1
   Compiling linux-raw-sys v0.12.1
   Compiling unicode-width v0.1.14
   Compiling miette v7.6.0
   Compiling hashbrown v0.15.5
   Compiling logos-derive v0.16.1
   Compiling logos-derive v0.15.1
   Compiling zeroize_derive v1.5.0
   Compiling num-conv v0.2.2
   Compiling fastrand v2.5.0
    Checking try-lock v0.2.5
    Checking base64 v0.22.1
    Checking atomic-waker v1.1.2
   Compiling fixedbitset v0.5.7
   Compiling time-core v0.1.9
   Compiling petgraph v0.8.3
    Checking h2 v0.4.16
    Checking want v0.3.1
   Compiling tempfile v3.27.0
    Checking zeroize v1.9.0
   Compiling logos v0.16.1
   Compiling logos v0.15.1
   Compiling pulldown-cmark-to-cmark v22.0.0
   Compiling zmij v1.0.23
    Checking httpdate v1.0.3
   Compiling multimap v0.10.1
   Compiling aws-lc-rs v1.17.3
   Compiling heck v0.5.0
   Compiling prost-build v0.14.4
    Checking hyper v1.11.0
   Compiling protox-parse v0.9.0
   Compiling prost-reflect v0.16.5
    Checking tinystr v0.8.3
    Checking form_urlencoded v1.2.2
    Checking sync_wrapper v1.0.2
   Compiling rustversion v1.0.23
    Checking tower-layer v0.3.3
    Checking rand_core v0.10.1
    Checking writeable v0.6.3
   Compiling serde_json v1.0.151
    Checking ipnet v2.12.0
    Checking litemap v0.8.2
    Checking icu_locale_core v2.2.0
    Checking hyper-util v0.1.20
   Compiling protox v0.9.1
    Checking zerotrie v0.2.4
    Checking potential_utf v0.1.5
   Compiling icu_normalizer_data v2.2.0
    Checking typenum v1.20.1
    Checking untrusted v0.7.1
   Compiling icu_properties_data v2.2.0
    Checking utf8_iter v1.0.4
    Checking icu_collections v2.2.0
    Checking icu_provider v2.2.0
    Checking tower v0.5.3
    Checking rustls-pki-types v1.15.1
    Checking http-body-util v0.1.4
   Compiling blake3 v1.8.5
    Checking mime v0.3.17
   Compiling vergen v8.3.2
   Compiling crc32c v0.6.8
   Compiling deranged v0.5.8
   Compiling powerfmt v0.2.0
   Compiling rustls v0.23.42
   Compiling num_threads v0.1.7
    Checking arrayref v0.3.9
    Checking untrusted v0.9.0
    Checking ryu v1.0.23
    Checking arrayvec v0.7.8
    Checking constant_time_eq v0.4.2
    Checking serde_urlencoded v0.7.1
   Compiling time v0.3.54
    Checking icu_properties v2.2.0
    Checking icu_normalizer v2.2.0
    Checking subtle v2.6.1
   Compiling version_check v0.9.5
   Compiling generic-array v0.14.7
    Checking idna_adapter v1.2.2
   Compiling zstd-sys v2.0.16+zstd.1.5.7
    Checking idna v1.1.0
    Checking uuid v1.24.0
    Checking hybrid-array v0.4.13
   Compiling async-trait v0.1.91
   Compiling parking_lot_core v0.9.12
    Checking hex v0.4.3
    Checking openssl-probe v0.2.1
    Checking base64 v0.23.0
    Checking ravel-types v0.11.0 (/var/lib/fleet/work/0e6cc478-fbba-442e-9364-5b375ee31070/crates/ravel-types)
    Checking rustls-native-certs v0.8.4
    Checking url v2.5.8
   Compiling ravel-proto v0.11.0 (/var/lib/fleet/work/0e6cc478-fbba-442e-9364-5b375ee31070/crates/ravel-proto)
    Checking futures-executor v0.3.33
   Compiling zstd-safe v7.2.4
    Checking scopeguard v1.2.0
   Compiling cfg_aliases v0.2.2
   Compiling zerocopy v0.8.55
   Compiling getrandom v0.3.4
    Checking iana-time-zone v0.1.65
    Checking chrono v0.4.45
   Compiling nix v0.31.3
    Checking lock_api v0.4.14
    Checking tower-http v0.6.11
    Checking crypto-common v0.1.7
    Checking block-buffer v0.12.1
    Checking crypto-common v0.2.2
   Compiling lrpar v0.13.10
    Checking encoding_rs v0.8.35
    Checking digest v0.11.3
    Checking parking_lot v0.12.5
    Checking digest v0.10.7
    Checking rustls-webpki v0.103.13
   Compiling packedvec v1.2.5
   Compiling vob v4.0.0
   Compiling vob v3.0.6
    Checking axum-core v0.5.6
    Checking tokio-rustls v0.26.4
    Checking hyper-rustls v0.27.9
    Checking rustls-platform-verifier v0.7.0
    Checking reqwest v0.13.4
    Checking chacha20 v0.10.2
    Checking serde_path_to_error v0.1.20
    Checking same-file v1.0.6
    Checking spin v0.10.1
    Checking matchit v0.8.4
    Checking itertools v0.15.0
    Checking axum v0.8.9
    Checking crc-fast v1.10.0
    Checking walkdir v2.5.0
    Checking rand v0.10.2
   Compiling sparsevec v0.2.2
   Compiling cfgrammar v0.13.10
    Checking rand_core v0.9.5
    Checking ppv-lite86 v0.2.21
    Checking md-5 v0.11.0
    Checking zstd v0.13.3
    Checking ravel-codec v0.11.0 (/var/lib/fleet/work/0e6cc478-fbba-442e-9364-5b375ee31070/crates/ravel-codec)
   Compiling lrlex v0.13.10
    Checking quick-xml v0.41.0
   Compiling pin-project-internal v1.1.13
    Checking humantime v2.4.0
    Checking object_store v0.14.1
    Checking pin-project v1.1.13
   Compiling lrtable v0.13.10
    Checking rand_chacha v0.9.0
    Checking futures v0.3.33
   Compiling bincode v1.3.3
    Checking hyper-timeout v0.5.2
    Checking tokio-stream v0.1.19
   Compiling filetime v0.2.29
    Checking twox-hash v2.1.3
   Compiling static_assertions v1.1.0
   Compiling cactus v1.0.7
   Compiling unicode-width v0.2.2
   Compiling getopts v0.2.24
    Checking lz4_flex v0.14.0
    Checking ravel-object-store v0.11.0 (/var/lib/fleet/work/0e6cc478-fbba-442e-9364-5b375ee31070/crates/ravel-object-store)
    Checking tonic v0.14.6
    Checking rand v0.9.5
   Compiling ravel-rspan v0.11.0 (/var/lib/fleet/work/0e6cc478-fbba-442e-9364-5b375ee31070/crates/ravel-rspan)
    Checking opentelemetry v0.32.0
    Checking opentelemetry_sdk v0.32.1
    Checking tonic-prost v0.14.6
    Checking ravel-segment v0.11.0 (/var/lib/fleet/work/0e6cc478-fbba-442e-9364-5b375ee31070/crates/ravel-segment)
    Checking ravel-logseg v0.11.0 (/var/lib/fleet/work/0e6cc478-fbba-442e-9364-5b375ee31070/crates/ravel-logseg)
   Compiling time-macros v0.2.32
    Checking num-integer v0.1.46
    Checking num-bigint v0.4.8
   Compiling promql-parser v0.10.0
    Checking opentelemetry-proto v0.32.0
    Checking ravel-commit v0.11.0 (/var/lib/fleet/work/0e6cc478-fbba-442e-9364-5b375ee31070/crates/ravel-commit)
    Checking ravel-cache v0.11.0 (/var/lib/fleet/work/0e6cc478-fbba-442e-9364-5b375ee31070/crates/ravel-cache)
   Compiling tonic-build v0.14.6
    Checking ravel-catalog v0.11.0 (/var/lib/fleet/work/0e6cc478-fbba-442e-9364-5b375ee31070/crates/ravel-catalog)
   Compiling tonic-prost-build v0.14.6
    Checking ravel-otlp v0.11.0 (/var/lib/fleet/work/0e6cc478-fbba-442e-9364-5b375ee31070/crates/ravel-otlp)
    Checking simple_asn1 v0.6.4
    Checking pem v3.0.6
    Checking signature v2.2.0
    Checking jsonwebtoken v10.4.0
    Checking ravel-ingest v0.11.0 (/var/lib/fleet/work/0e6cc478-fbba-442e-9364-5b375ee31070/crates/ravel-ingest)
   Compiling ravel-query v0.11.0 (/var/lib/fleet/work/0e6cc478-fbba-442e-9364-5b375ee31070/crates/ravel-query)
    Checking ravel-fleet v0.11.0 (/var/lib/fleet/work/0e6cc478-fbba-442e-9364-5b375ee31070/crates/ravel-fleet)
    Checking ravel-maintain v0.11.0 (/var/lib/fleet/work/0e6cc478-fbba-442e-9364-5b375ee31070/crates/ravel-maintain)
    Checking ravel-promql v0.11.0 (/var/lib/fleet/work/0e6cc478-fbba-442e-9364-5b375ee31070/crates/ravel-promql)
    Checking ravel-tenant-resolve v0.11.0 (/var/lib/fleet/work/0e6cc478-fbba-442e-9364-5b375ee31070/crates/ravel-tenant-resolve)
    Finished `dev` profile [unoptimized + debuginfo] target(s) in 2m 46s
