q01 cold=Some(0.048603108) hot=Some(0.012496458) verdict=Fail error=none
q02 cold=Some(0.03141168) hot=Some(0.021251762) verdict=Fail error=none
q03 cold=Some(0.037121026) hot=Some(0.027289715) verdict=Fail error=none
q04 cold=Some(0.05726397) hot=Some(0.024262398) verdict=Fail error=none
q05 cold=Some(0.086767401) hot=Some(0.078305156) verdict=Fail error=none
q06 cold=Some(0.141206258) hot=Some(0.102768729) verdict=Fail error=none
q07 cold=Some(0.02668462) hot=Some(0.013962406) verdict=Fail error=none
q08 cold=Some(0.0509854) hot=Some(0.02353606) verdict=Fail error=none
q09 cold=Some(0.116991172) hot=Some(0.103371345) verdict=Fail error=none
q10 cold=Some(0.131714587) hot=Some(0.128189967) verdict=Fail error=none
q11 cold=Some(0.078755577) hot=Some(0.06830079) verdict=Fail error=none
q12 cold=Some(0.082346599) hot=Some(0.069258865) verdict=Fail error=none
q13 cold=Some(0.196955859) hot=Some(0.174375094) verdict=Fail error=none
q14 cold=Some(0.220947721) hot=Some(0.227262511) verdict=Fail error=none
q15 cold=Some(0.191366757) hot=Some(0.162718397) verdict=Fail error=none
q16 cold=Some(0.094118249) hot=Some(0.093706948) verdict=Fail error=none
q17 cold=Some(0.217936704) hot=Some(0.216457876) verdict=Fail error=none
q18 cold=Some(0.212029333) hot=Some(0.206213145) verdict=Fail error=none
q19 cold=Some(0.431020324) hot=Some(0.362088098) verdict=Fail error=none
q20 cold=Some(0.023359815) hot=Some(0.023093269) verdict=Pass error=none
q21 cold=Some(0.352174305) hot=Some(0.146385621) verdict=Fail error=none
q22 cold=Some(0.164967634) hot=Some(0.155900463) verdict=Fail error=none
q23 cold=Some(0.751331637) hot=Some(0.387746121) verdict=Fail error=none
q24 cold=Some(1.005617987) hot=Some(0.534570673) verdict=Fail error=none
q25 cold=Some(0.11146175) hot=Some(0.10555045) verdict=Fail error=none
q26 cold=Some(0.100121662) hot=Some(0.103023506) verdict=Fail error=none
q27 cold=Some(0.126833612) hot=Some(0.128651018) verdict=Fail error=none
q28 cold=Some(0.15072735) hot=Some(0.143002734) verdict=Fail error=none
q29 cold=Some(0.891432981) hot=Some(0.809298438) verdict=Fail error=none
q30 cold=Some(0.045339415) hot=Some(0.042723068) verdict=Fail error=none
q31 cold=Some(0.134500557) hot=Some(0.12482163) verdict=Fail error=none
q32 cold=Some(0.175317556) hot=Some(0.157041621) verdict=Fail error=none
q33 cold=Some(0.550081794) hot=Some(0.529973792) verdict=Fail error=none
q34 cold=Some(0.46039669) hot=Some(0.467444279) verdict=Fail error=none
q35 cold=Some(0.499823384) hot=Some(0.448735203) verdict=Fail error=none
q36 cold=Some(0.095088323) hot=Some(0.094061237) verdict=Fail error=none
q37 cold=Some(0.101361693) hot=Some(0.099483894) verdict=Fail error=none
q38 cold=Some(0.076307134) hot=Some(0.064587996) verdict=Fail error=none
q39 cold=Some(0.061204679) hot=Some(0.060177403) verdict=Fail error=none
q40 cold=Some(0.666652554) hot=Some(0.489236744) verdict=Fail error=none
q41 cold=Some(0.057944117) hot=Some(0.046182156) verdict=Fail error=none
q42 cold=Some(0.046018402) hot=Some(0.046615187) verdict=Pass error=none
q43 cold=Some(0.037325821) hot=Some(0.036377757) verdict=Fail error=none
concurrency: 10 tasks, 2887 completed, 38 errors in 361.017065806 s (configured 360 s), qps=7.9968518761143255, error_ratio=0.012991452991452991 (RLOG entry: 0.101; reported, not judged)
report written to bench-report.json: hot 7.36049998 s, cold 9.139617197 s, 43 answered, failed []
finding: pre-registered failure q19 answered
finding: pre-registered failure q29 answered
finding: pre-registered failure q33 answered
finding: pre-registered failure q34 answered
finding: pre-registered failure q35 answered
violation: q1 answered with verdict Fail; the accepted verdict is Pass
violation: q2 answered with verdict Fail; the accepted verdict is Pass
violation: q3 answered with verdict Fail; the accepted verdict is Pass
violation: q4 answered with verdict Fail; the accepted verdict is Pass
violation: q5 answered with verdict Fail; the accepted verdict is Pass
violation: q6 answered with verdict Fail; the accepted verdict is Pass
violation: q7 answered with verdict Fail; the accepted verdict is Pass
violation: q8 answered with verdict Fail; the accepted verdict is Pass
violation: q9 answered with verdict Fail; the accepted verdict is Pass
violation: q10 answered with verdict Fail; the accepted verdict is Pass
violation: q11 answered with verdict Fail; the accepted verdict is Pass
violation: q12 answered with verdict Fail; the accepted verdict is Pass
violation: q13 answered with verdict Fail; the accepted verdict is Pass
violation: q14 answered with verdict Fail; the accepted verdict is Pass
violation: q15 answered with verdict Fail; the accepted verdict is Pass
violation: q16 answered with verdict Fail; the accepted verdict is Pass
violation: q17 answered with verdict Fail; the accepted verdict is Pass
violation: q18 answered with verdict Fail; the accepted verdict is CardinalityOnly
violation: q19 answered with verdict Fail; the accepted verdict is Pass
violation: q21 answered with verdict Fail; the accepted verdict is Pass
violation: q22 answered with verdict Fail; the accepted verdict is Pass
violation: q23 answered with verdict Fail; the accepted verdict is Pass
violation: q24 answered with verdict Fail; the accepted verdict is Pass
violation: q25 answered with verdict Fail; the accepted verdict is CardinalityOnly(ORDER BY key not projected; rows past a tie on EventTime cannot be identified from the output)
violation: q26 answered with verdict Fail; the accepted verdict is Pass
violation: q27 answered with verdict Fail; the accepted verdict is CardinalityOnly(ORDER BY key not projected; rows past a tie on EventTime cannot be identified from the output)
violation: q28 answered with verdict Fail; the accepted verdict is Pass
violation: q29 answered with verdict Fail; the accepted verdict is Pass
violation: q30 answered with verdict Fail; the accepted verdict is Pass
violation: q31 answered with verdict Fail; the accepted verdict is Pass
violation: q32 answered with verdict Fail; the accepted verdict is Pass
violation: q33 answered with verdict Fail; the accepted verdict is Pass
violation: q34 answered with verdict Fail; the accepted verdict is Pass
violation: q35 answered with verdict Fail; the accepted verdict is Pass
violation: q36 answered with verdict Fail; the accepted verdict is Pass
violation: q37 answered with verdict Fail; the accepted verdict is Pass
violation: q38 answered with verdict Fail; the accepted verdict is Pass
violation: q39 answered with verdict Fail; the accepted verdict is Pass
violation: q40 answered with verdict Fail; the accepted verdict is Pass
violation: q41 answered with verdict Fail; the accepted verdict is Pass
violation: q43 answered with verdict Fail; the accepted verdict is Pass
violation: q6 errored 1 times in the concurrency phase and is not pre-registered
violation: q13 errored 1 times in the concurrency phase and is not pre-registered
violation: q14 errored 1 times in the concurrency phase and is not pre-registered
violation: q15 errored 1 times in the concurrency phase and is not pre-registered
violation: q17 errored 6 times in the concurrency phase and is not pre-registered
violation: q18 errored 1 times in the concurrency phase and is not pre-registered
violation: q24 errored 2 times in the concurrency phase and is not pre-registered
violation: q37 errored 1 times in the concurrency phase and is not pre-registered
violation: q40 errored 1 times in the concurrency phase and is not pre-registered
D7 check: 50 violations
bench rc=1
