q01 cold=Some(0.050564345) hot=Some(0.012896361) verdict=Fail error=none
q02 cold=Some(0.031454696) hot=Some(0.024338534) verdict=Fail error=none
q03 cold=Some(0.043040052) hot=Some(0.029723101) verdict=Fail error=none
q04 cold=Some(0.058503079) hot=Some(0.026894029) verdict=Fail error=none
q05 cold=Some(0.097868207) hot=Some(0.084271199) verdict=Fail error=none
q06 cold=Some(0.160330087) hot=Some(0.104424076) verdict=Fail error=none
q07 cold=Some(0.029627729) hot=Some(0.016058551) verdict=Fail error=none
q08 cold=Some(0.051031848) hot=Some(0.024974009) verdict=Fail error=none
q09 cold=Some(0.123600436) hot=Some(0.112181434) verdict=Fail error=none
q10 cold=Some(0.155390071) hot=Some(0.13935378) verdict=Fail error=none
q11 cold=Some(0.089300588) hot=Some(0.069574163) verdict=Fail error=none
q12 cold=Some(0.088026135) hot=Some(0.071353308) verdict=Fail error=none
q13 cold=Some(0.221402332) hot=Some(0.180497775) verdict=Fail error=none
q14 cold=Some(0.256945324) hot=Some(0.231124602) verdict=Fail error=none
q15 cold=Some(0.200372794) hot=Some(0.168158859) verdict=Fail error=none
q16 cold=Some(0.098274908) hot=Some(0.091352241) verdict=Fail error=none
q17 cold=Some(0.234719654) hot=Some(0.232660761) verdict=Fail error=none
q18 cold=Some(0.224280706) hot=Some(0.214919347) verdict=Fail error=none
q19 cold=Some(0.456297951) hot=Some(0.401618391) verdict=Fail error=none
q20 cold=Some(0.025815332) hot=Some(0.025501833) verdict=Pass error=none
q21 cold=Some(0.359417959) hot=Some(0.158799269) verdict=Fail error=none
q22 cold=Some(0.189896835) hot=Some(0.171841963) verdict=Fail error=none
q23 cold=Some(0.751056884) hot=Some(0.407427429) verdict=Fail error=none
q24 cold=Some(1.123151197) hot=Some(0.455272695) verdict=Fail error=none
q25 cold=Some(0.124233333) hot=Some(0.11436956) verdict=Fail error=none
q26 cold=Some(0.12683546) hot=Some(0.12024933) verdict=Fail error=none
q27 cold=Some(0.13035448) hot=Some(0.128680977) verdict=Fail error=none
q28 cold=Some(0.165963953) hot=Some(0.148039863) verdict=Fail error=none
q29 cold=Some(0.964556124) hot=Some(0.901634243) verdict=Fail error=none
q30 cold=Some(0.047435545) hot=Some(0.043685759) verdict=Fail error=none
q31 cold=Some(0.140924121) hot=Some(0.130810291) verdict=Fail error=none
q32 cold=Some(0.175138997) hot=Some(0.163352516) verdict=Fail error=none
q33 cold=Some(0.595333605) hot=Some(0.56398623) verdict=Fail error=none
q34 cold=Some(0.506046755) hot=Some(0.497724061) verdict=Fail error=none
q35 cold=Some(0.521266745) hot=Some(0.506071345) verdict=Fail error=none
q36 cold=Some(0.10181628) hot=Some(0.096559935) verdict=Fail error=none
q37 cold=Some(0.12125064) hot=Some(0.120632533) verdict=Fail error=none
q38 cold=Some(0.080769681) hot=Some(0.082078195) verdict=Fail error=none
q39 cold=Some(0.069276646) hot=Some(0.067978413) verdict=Fail error=none
q40 cold=Some(0.889882186) hot=Some(0.660201407) verdict=Fail error=none
q41 cold=Some(0.066075964) hot=Some(0.051796058) verdict=Fail error=none
q42 cold=Some(0.050818233) hot=Some(0.049641072) verdict=Pass error=none
q43 cold=Some(0.041898494) hot=Some(0.039425951) verdict=Fail error=none
concurrency: 10 tasks, 2504 completed, 46 errors in 360.74002197 s (configured 360 s), qps=6.941286931030454, error_ratio=0.01803921568627451 (RLOG entry: 0.101; reported, not judged)
report written to bench-report.json: hot 7.942135449000001 s, cold 10.040246390999998 s, 43 answered, failed []
finding: pre-registered failure q19 answered
finding: pre-registered failure q29 answered
finding: pre-registered failure q33 answered
finding: pre-registered failure q34 answered
finding: pre-registered failure q35 answered
violation: q1 answered with verdict Fail; the accepted verdict is Pass
violation: q2 answered with verdict Fail; the accepted verdict is Pass
violation: q3 answered with verdict Fail; the accepted verdict is Pass
violation: q4 answered with verdict Fail; the accepted verdict is Pass
violation: q5 answered with verdict Fail; the accepted verdict is Pass
violation: q6 answered with verdict Fail; the accepted verdict is Pass
violation: q7 answered with verdict Fail; the accepted verdict is Pass
violation: q8 answered with verdict Fail; the accepted verdict is Pass
violation: q9 answered with verdict Fail; the accepted verdict is Pass
violation: q10 answered with verdict Fail; the accepted verdict is Pass
violation: q11 answered with verdict Fail; the accepted verdict is Pass
violation: q12 answered with verdict Fail; the accepted verdict is Pass
violation: q13 answered with verdict Fail; the accepted verdict is Pass
violation: q14 answered with verdict Fail; the accepted verdict is Pass
violation: q15 answered with verdict Fail; the accepted verdict is Pass
violation: q16 answered with verdict Fail; the accepted verdict is Pass
violation: q17 answered with verdict Fail; the accepted verdict is Pass
violation: q18 answered with verdict Fail; the accepted verdict is CardinalityOnly
violation: q19 answered with verdict Fail; the accepted verdict is Pass
violation: q21 answered with verdict Fail; the accepted verdict is Pass
violation: q22 answered with verdict Fail; the accepted verdict is Pass
violation: q23 answered with verdict Fail; the accepted verdict is Pass
violation: q24 answered with verdict Fail; the accepted verdict is Pass
violation: q25 answered with verdict Fail; the accepted verdict is CardinalityOnly(ORDER BY key not projected; rows past a tie on EventTime cannot be identified from the output)
violation: q26 answered with verdict Fail; the accepted verdict is Pass
violation: q27 answered with verdict Fail; the accepted verdict is CardinalityOnly(ORDER BY key not projected; rows past a tie on EventTime cannot be identified from the output)
violation: q28 answered with verdict Fail; the accepted verdict is Pass
violation: q29 answered with verdict Fail; the accepted verdict is Pass
violation: q30 answered with verdict Fail; the accepted verdict is Pass
violation: q31 answered with verdict Fail; the accepted verdict is Pass
violation: q32 answered with verdict Fail; the accepted verdict is Pass
violation: q33 answered with verdict Fail; the accepted verdict is Pass
violation: q34 answered with verdict Fail; the accepted verdict is Pass
violation: q35 answered with verdict Fail; the accepted verdict is Pass
violation: q36 answered with verdict Fail; the accepted verdict is Pass
violation: q37 answered with verdict Fail; the accepted verdict is Pass
violation: q38 answered with verdict Fail; the accepted verdict is Pass
violation: q39 answered with verdict Fail; the accepted verdict is Pass
violation: q40 answered with verdict Fail; the accepted verdict is Pass
violation: q41 answered with verdict Fail; the accepted verdict is Pass
violation: q43 answered with verdict Fail; the accepted verdict is Pass
violation: q14 errored 1 times in the concurrency phase and is not pre-registered
violation: q15 errored 1 times in the concurrency phase and is not pre-registered
violation: q16 errored 2 times in the concurrency phase and is not pre-registered
violation: q17 errored 1 times in the concurrency phase and is not pre-registered
violation: q18 errored 3 times in the concurrency phase and is not pre-registered
violation: q31 errored 1 times in the concurrency phase and is not pre-registered
D7 check: 47 violations
bench rc=1
