created the config record for tenant clickbench (it had none), with lifecycle_state=active and no other override
typed_attr_columns, in schema-append order:
  CounterID:i64
  WatchID:i64
  JavaEnable:i64
  Title:str
  GoodEvent:i64
  EventDate:i64
  ClientIP:i64
  RegionID:i64
  UserID:i64
  CounterClass:i64
  OS:i64
  UserAgent:i64
  URL:str
  Referer:str
  IsRefresh:i64
  RefererCategoryID:i64
  RefererRegionID:i64
  URLCategoryID:i64
  URLRegionID:i64
  ResolutionWidth:i64
  ResolutionHeight:i64
  ResolutionDepth:i64
  FlashMajor:i64
  FlashMinor:i64
  FlashMinor2:str
  NetMajor:i64
  NetMinor:i64
  UserAgentMajor:i64
  UserAgentMinor:str
  CookieEnable:i64
  JavascriptEnable:i64
  IsMobile:i64
  MobilePhone:i64
  MobilePhoneModel:str
  Params:str
  IPNetworkID:i64
  TraficSourceID:i64
  SearchEngineID:i64
  SearchPhrase:str
  AdvEngineID:i64
  IsArtifical:i64
  WindowClientWidth:i64
  WindowClientHeight:i64
  ClientTimeZone:i64
  ClientEventTime:i64
  SilverlightVersion1:i64
  SilverlightVersion2:i64
  SilverlightVersion3:i64
  SilverlightVersion4:i64
  PageCharset:str
  CodeVersion:i64
  IsLink:i64
  IsDownload:i64
  IsNotBounce:i64
  FUniqID:i64
  OriginalURL:str
  HID:i64
  IsOldCounter:i64
  IsEvent:i64
  IsParameter:i64
  DontCountHits:i64
  WithHash:i64
  HitColor:str
  LocalEventTime:i64
  Age:i64
  Sex:i64
  Income:i64
  Interests:i64
  Robotness:i64
  RemoteIP:i64
  WindowName:i64
  OpenerName:i64
  HistoryLength:i64
  BrowserLanguage:str
  BrowserCountry:str
  SocialNetwork:str
  SocialAction:str
  HTTPError:i64
  SendTiming:i64
  DNSTiming:i64
  ConnectTiming:i64
  ResponseStartTiming:i64
  ResponseEndTiming:i64
  FetchTiming:i64
  SocialSourceNetworkID:i64
  SocialSourcePage:str
  ParamPrice:i64
  ParamOrderID:str
  ParamCurrency:str
  ParamCurrencyID:i64
  OpenstatServiceName:str
  OpenstatCampaignID:str
  OpenstatAdID:str
  OpenstatSourceID:str
  UTMSource:str
  UTMMedium:str
  UTMCampaign:str
  UTMContent:str
  UTMTerm:str
  FromTag:str
  HasGCLID:i64
  RefererHash:i64
  URLHash:i64
  CLID:i64
a query-serving process picks this up within its declared-column staleness horizon (60s by default); no restart is needed
