q01 cold=Some(0.026043926) hot=Some(0.015527857) verdict=Fail error=none
q02 cold=Some(0.035083767) hot=Some(0.026430566) verdict=Fail error=none
q03 cold=Some(0.048792827) hot=Some(0.034539062) verdict=Fail error=none
q04 cold=Some(0.063561805) hot=Some(0.025722948) verdict=Fail error=none
q05 cold=Some(0.101284419) hot=Some(0.091986801) verdict=Fail error=none
q06 cold=Some(0.173105284) hot=Some(0.130331642) verdict=Fail error=none
q07 cold=Some(0.030073349) hot=Some(0.015885036) verdict=Fail error=none
q08 cold=Some(0.02854445) hot=Some(0.026949249) verdict=Fail error=none
q09 cold=Some(0.167122911) hot=Some(0.13730766) verdict=Fail error=none
q10 cold=Some(0.188489948) hot=Some(0.165735887) verdict=Fail error=none
q11 cold=Some(0.089521358) hot=Some(0.07744762) verdict=Fail error=none
q12 cold=Some(0.093885) hot=Some(0.082655582) verdict=Fail error=none
q13 cold=Some(0.248415219) hot=Some(0.20109439) verdict=Fail error=none
q14 cold=Some(0.27269625) hot=Some(0.269455008) verdict=Fail error=none
q15 cold=Some(0.228686335) hot=Some(0.181895399) verdict=Fail error=none
q16 cold=Some(0.115758049) hot=Some(0.11620476) verdict=Fail error=none
q17 cold=Some(0.276378484) hot=Some(0.257828971) verdict=Fail error=none
q18 cold=Some(0.259022801) hot=Some(0.247769033) verdict=Fail error=none
q19 cold=Some(0.574477504) hot=Some(0.478993014) verdict=Fail error=none
q20 cold=Some(0.028505238) hot=Some(0.02735351) verdict=Pass error=none
q21 cold=Some(0.368770506) hot=Some(0.177345913) verdict=Fail error=none
q22 cold=Some(0.227240418) hot=Some(0.188685333) verdict=Fail error=none
q23 cold=Some(0.79965753) hot=Some(0.428649296) verdict=Fail error=none
q24 cold=Some(1.235558631) hot=Some(0.46557024) verdict=Fail error=none
q25 cold=Some(0.121976939) hot=Some(0.11653456) verdict=Fail error=none
q26 cold=Some(0.141731203) hot=Some(0.126295449) verdict=Fail error=none
q27 cold=Some(0.156381398) hot=Some(0.135562326) verdict=Fail error=none
q28 cold=Some(0.198582657) hot=Some(0.161837228) verdict=Fail error=none
q29 cold=Some(1.409638868) hot=Some(1.056314266) verdict=Fail error=none
q30 cold=Some(0.047952406) hot=Some(0.047977627) verdict=Fail error=none
q31 cold=Some(0.164030714) hot=Some(0.15099727) verdict=Fail error=none
q32 cold=Some(0.215075978) hot=Some(0.180185607) verdict=Fail error=none
q33 cold=Some(0.675794327) hot=Some(0.635332863) verdict=Fail error=none
q34 cold=Some(0.584357179) hot=Some(0.572581998) verdict=Fail error=none
q35 cold=Some(0.569038048) hot=Some(0.561362262) verdict=Fail error=none
q36 cold=Some(0.131623505) hot=Some(0.11305236) verdict=Fail error=none
q37 cold=Some(0.148091116) hot=Some(0.125076177) verdict=Fail error=none
q38 cold=Some(0.09192109) hot=Some(0.085046785) verdict=Fail error=none
q39 cold=Some(0.066048279) hot=Some(0.074265458) verdict=Fail error=none
q40 cold=Some(0.898099511) hot=Some(0.86325393) verdict=Fail error=none
q41 cold=Some(0.057006157) hot=Some(0.047682438) verdict=Fail error=none
q42 cold=Some(0.047255575) hot=Some(0.050460517) verdict=Pass error=none
q43 cold=Some(0.050852187) hot=Some(0.038186804) verdict=Fail error=none
concurrency: 10 tasks, 2394 completed, 52 errors in 360.149312335 s (configured 360 s), qps=6.647243012845665, error_ratio=0.02125919869174162 (RLOG entry: 0.101; reported, not judged)
report written to bench-report.json: hot 9.013370702000001 s, cold 11.456133145999999 s, 43 answered, failed []
finding: pre-registered failure q19 answered
finding: pre-registered failure q29 answered
finding: pre-registered failure q33 answered
finding: pre-registered failure q34 answered
finding: pre-registered failure q35 answered
violation: q1 answered with verdict Fail; the accepted verdict is Pass
violation: q2 answered with verdict Fail; the accepted verdict is Pass
violation: q3 answered with verdict Fail; the accepted verdict is Pass
violation: q4 answered with verdict Fail; the accepted verdict is Pass
violation: q5 answered with verdict Fail; the accepted verdict is Pass
violation: q6 answered with verdict Fail; the accepted verdict is Pass
violation: q7 answered with verdict Fail; the accepted verdict is Pass
violation: q8 answered with verdict Fail; the accepted verdict is Pass
violation: q9 answered with verdict Fail; the accepted verdict is Pass
violation: q10 answered with verdict Fail; the accepted verdict is Pass
violation: q11 answered with verdict Fail; the accepted verdict is Pass
violation: q12 answered with verdict Fail; the accepted verdict is Pass
violation: q13 answered with verdict Fail; the accepted verdict is Pass
violation: q14 answered with verdict Fail; the accepted verdict is Pass
violation: q15 answered with verdict Fail; the accepted verdict is Pass
violation: q16 answered with verdict Fail; the accepted verdict is Pass
violation: q17 answered with verdict Fail; the accepted verdict is Pass
violation: q18 answered with verdict Fail; the accepted verdict is CardinalityOnly
violation: q19 answered with verdict Fail; the accepted verdict is Pass
violation: q21 answered with verdict Fail; the accepted verdict is Pass
violation: q22 answered with verdict Fail; the accepted verdict is Pass
violation: q23 answered with verdict Fail; the accepted verdict is Pass
violation: q24 answered with verdict Fail; the accepted verdict is Pass
violation: q25 answered with verdict Fail; the accepted verdict is CardinalityOnly(ORDER BY key not projected; rows past a tie on EventTime cannot be identified from the output)
violation: q26 answered with verdict Fail; the accepted verdict is Pass
violation: q27 answered with verdict Fail; the accepted verdict is CardinalityOnly(ORDER BY key not projected; rows past a tie on EventTime cannot be identified from the output)
violation: q28 answered with verdict Fail; the accepted verdict is Pass
violation: q29 answered with verdict Fail; the accepted verdict is Pass
violation: q30 answered with verdict Fail; the accepted verdict is Pass
violation: q31 answered with verdict Fail; the accepted verdict is Pass
violation: q32 answered with verdict Fail; the accepted verdict is Pass
violation: q33 answered with verdict Fail; the accepted verdict is Pass
violation: q34 answered with verdict Fail; the accepted verdict is Pass
violation: q35 answered with verdict Fail; the accepted verdict is Pass
violation: q36 answered with verdict Fail; the accepted verdict is Pass
violation: q37 answered with verdict Fail; the accepted verdict is Pass
violation: q38 answered with verdict Fail; the accepted verdict is Pass
violation: q39 answered with verdict Fail; the accepted verdict is Pass
violation: q40 answered with verdict Fail; the accepted verdict is Pass
violation: q41 answered with verdict Fail; the accepted verdict is Pass
violation: q43 answered with verdict Fail; the accepted verdict is Pass
violation: q6 errored 1 times in the concurrency phase and is not pre-registered
violation: q13 errored 2 times in the concurrency phase and is not pre-registered
violation: q14 errored 1 times in the concurrency phase and is not pre-registered
violation: q15 errored 1 times in the concurrency phase and is not pre-registered
violation: q17 errored 3 times in the concurrency phase and is not pre-registered
violation: q18 errored 3 times in the concurrency phase and is not pre-registered
violation: q24 errored 1 times in the concurrency phase and is not pre-registered
D7 check: 48 violations
bench rc=1
