   Compiling proc-macro2 v1.0.107
   Compiling quote v1.0.47
   Compiling unicode-ident v1.0.24
   Compiling semver v1.0.28
   Compiling regex-syntax v0.8.11
   Compiling syn v2.0.119
   Compiling libc v0.2.189
   Compiling rustc_version v0.4.1
   Compiling anyhow v1.0.104
   Compiling jobserver v0.1.35
   Compiling memchr v2.8.3
   Compiling either v1.17.0
   Compiling fnv v1.0.7
   Compiling shlex v2.0.1
   Compiling find-msvc-tools v0.1.9
   Compiling aho-corasick v1.1.4
   Compiling cc v1.4.0
   Compiling itertools v0.14.0
   Compiling regex-automata v0.4.16
   Compiling prost-derive v0.14.4
   Compiling syn v3.0.3
   Compiling thiserror v2.0.19
   Compiling thiserror-impl v2.0.19
   Compiling logos-codegen v0.15.1
   Compiling bytes v1.12.1
   Compiling beef v0.5.2
   Compiling prost v0.14.4
   Compiling lazy_static v1.5.0
   Compiling prost-types v0.14.4
   Compiling logos-codegen v0.16.1
   Compiling miette-derive v7.6.0
   Compiling unicode-width v0.1.14
   Compiling cfg-if v1.0.4
   Compiling rustix v1.1.4
   Compiling miette v7.6.0
   Compiling logos-derive v0.16.1
   Compiling logos-derive v0.15.1
   Compiling hashbrown v0.17.1
   Compiling pkg-config v0.3.33
   Compiling foldhash v0.1.5
   Compiling bitflags v2.13.1
   Compiling equivalent v1.0.2
   Compiling prettyplease v0.2.37
   Compiling linux-raw-sys v0.12.1
   Compiling indexmap v2.14.0
   Compiling hashbrown v0.15.5
   Compiling zstd-sys v2.0.16+zstd.1.5.7
   Compiling logos v0.15.1
   Compiling logos v0.16.1
   Compiling once_cell v1.21.4
   Compiling fixedbitset v0.5.7
   Compiling fastrand v2.5.0
   Compiling petgraph v0.8.3
   Compiling tempfile v3.27.0
   Compiling protox-parse v0.9.0
   Compiling prost-reflect v0.16.5
   Compiling regex v1.13.1
   Compiling blake3 v1.8.5
   Compiling log v0.4.33
   Compiling getrandom v0.4.3
   Compiling multimap v0.10.1
   Compiling heck v0.5.0
   Compiling prost-build v0.14.4
   Compiling protox v0.9.1
   Compiling crc32c v0.6.8
    Checking constant_time_eq v0.4.2
   Compiling zstd-safe v7.2.4
    Checking cpufeatures v0.3.0
    Checking arrayvec v0.7.8
    Checking arrayref v0.3.9
   Compiling ravel-proto v0.10.0 (/var/lib/fleet/work/39433d92-7dab-4038-811a-6b5073dce04b/crates/ravel-proto)
    Checking uuid v1.24.0
    Checking hex v0.4.3
    Checking base64 v0.23.0
    Checking ravel-types v0.10.0 (/var/lib/fleet/work/39433d92-7dab-4038-811a-6b5073dce04b/crates/ravel-types)
    Checking ravel-codec v0.10.0 (/var/lib/fleet/work/39433d92-7dab-4038-811a-6b5073dce04b/crates/ravel-codec)
    Checking zstd v0.13.3
    Checking ravel-logseg v0.10.0 (/var/lib/fleet/work/39433d92-7dab-4038-811a-6b5073dce04b/crates/ravel-logseg)
    Finished `dev` profile [unoptimized + debuginfo] target(s) in 28.40s
