   Compiling libc v0.2.189
   Compiling cfg-if v1.0.4
   Compiling regex-syntax v0.8.11
   Compiling jobserver v0.1.35
   Compiling either v1.17.0
   Compiling cc v1.4.0
   Compiling memchr v2.8.3
   Compiling fnv v1.0.7
   Compiling aho-corasick v1.1.4
   Compiling itertools v0.14.0
   Compiling regex-automata v0.4.16
   Compiling prost-derive v0.14.4
   Compiling rustix v1.1.4
   Compiling bitflags v2.13.1
   Compiling linux-raw-sys v0.12.1
   Compiling prost v0.14.4
   Compiling once_cell v1.21.4
   Compiling zerocopy v0.8.55
   Compiling fastrand v2.5.0
   Compiling logos-codegen v0.15.1
   Compiling thiserror v2.0.19
   Compiling prost-types v0.14.4
   Compiling logos-codegen v0.16.1
   Compiling zerocopy-derive v0.8.55
   Compiling miette v7.6.0
   Compiling logos-derive v0.16.1
   Compiling logos-derive v0.15.1
   Compiling serde_core v1.0.229
   Compiling getrandom v0.3.4
   Compiling crossbeam-utils v0.8.22
   Compiling zstd-sys v2.0.16+zstd.1.5.7
   Compiling logos v0.15.1
   Compiling logos v0.16.1
   Compiling getrandom v0.4.3
   Compiling autocfg v1.5.1
   Compiling crossbeam-epoch v0.9.20
   Compiling num-traits v0.2.19
   Compiling prost-reflect v0.16.5
   Compiling protox-parse v0.9.0
   Compiling tempfile v3.27.0
   Compiling regex v1.13.1
   Compiling blake3 v1.8.5
   Compiling crossbeam-deque v0.8.7
   Compiling zmij v1.0.23
   Compiling serde v1.0.229
   Compiling prost-build v0.14.4
   Compiling rand_core v0.9.5
   Compiling protox v0.9.1
   Compiling serde_derive v1.0.229
   Compiling arrayvec v0.7.8
   Compiling arrayref v0.3.9
   Compiling serde_json v1.0.151
   Compiling constant_time_eq v0.4.2
   Compiling cpufeatures v0.3.0
   Compiling rayon-core v1.13.0
   Compiling zstd-safe v7.2.4
   Compiling ravel-proto v0.10.0 (/var/lib/fleet/work/39433d92-7dab-4038-811a-6b5073dce04b/crates/ravel-proto)
   Compiling half v2.7.1
   Compiling alloca v0.4.0
   Compiling bytes v1.12.1
   Compiling itoa v1.0.18
   Compiling clap_lex v1.1.0
   Compiling plotters-backend v0.3.7
   Compiling ciborium-io v0.2.2
   Compiling anstyle v1.0.14
   Compiling plotters-svg v0.3.7
   Compiling clap_builder v4.6.2
   Compiling ciborium-ll v0.2.2
   Compiling crc32c v0.6.8
   Compiling ppv-lite86 v0.2.21
   Compiling uuid v1.24.0
   Compiling itertools v0.13.0
   Compiling wait-timeout v0.2.1
   Compiling quick-error v1.2.3
   Compiling cast v0.3.0
   Compiling base64 v0.23.0
   Compiling bit-vec v0.8.0
   Compiling same-file v1.0.6
   Compiling hex v0.4.3
   Compiling walkdir v2.5.0
   Compiling ravel-types v0.10.0 (/var/lib/fleet/work/39433d92-7dab-4038-811a-6b5073dce04b/crates/ravel-types)
   Compiling bit-set v0.8.0
   Compiling criterion-plot v0.8.2
   Compiling rusty-fork v0.3.1
   Compiling rand_chacha v0.9.0
   Compiling rayon v1.12.0
   Compiling ravel-codec v0.10.0 (/var/lib/fleet/work/39433d92-7dab-4038-811a-6b5073dce04b/crates/ravel-codec)
   Compiling clap v4.6.4
   Compiling zstd v0.13.3
   Compiling tinytemplate v1.2.1
   Compiling ciborium v0.2.2
   Compiling plotters v0.3.7
   Compiling rand_xorshift v0.4.0
   Compiling rand v0.9.5
   Compiling page_size v0.6.0
   Compiling oorandom v11.1.5
   Compiling anes v0.1.6
   Compiling unarray v0.1.4
   Compiling criterion v0.8.2
   Compiling proptest v1.11.0
   Compiling ravel-logseg v0.10.0 (/var/lib/fleet/work/39433d92-7dab-4038-811a-6b5073dce04b/crates/ravel-logseg)
    Finished `test` profile [unoptimized + debuginfo] target(s) in 38.33s
     Running unittests src/lib.rs (/var/lib/fleet/cache/cargo-target/39433d92-7dab-4038-811a-6b5073dce04b/debug/deps/ravel_logseg-efb1e5f1af998fd9)
     Running tests/bench_corpus.rs (/var/lib/fleet/cache/cargo-target/39433d92-7dab-4038-811a-6b5073dce04b/debug/deps/bench_corpus-5aa38b8048e5a889)
     Running tests/corrupt.rs (/var/lib/fleet/cache/cargo-target/39433d92-7dab-4038-811a-6b5073dce04b/debug/deps/corrupt-64f6168fe6b0805b)
     Running tests/differential.rs (/var/lib/fleet/cache/cargo-target/39433d92-7dab-4038-811a-6b5073dce04b/debug/deps/differential-6e656eae94f56e67)
     Running tests/golden_bytes_v3.rs (/var/lib/fleet/cache/cargo-target/39433d92-7dab-4038-811a-6b5073dce04b/debug/deps/golden_bytes_v3-31b6d6a30cc3bfd6)
     Running tests/numstat_v3.rs (/var/lib/fleet/cache/cargo-target/39433d92-7dab-4038-811a-6b5073dce04b/debug/deps/numstat_v3-19f42339feba9af8)
